
C:\Aline Santos\repo\git-teste (HEAD detached at 54fe1e5)
λ git status
HEAD detached at 54fe1e5
Changes to be committed:
  (use "git restore --staged <file>..." to unstage)
        new file:   abc.txt
        new file:   cor.txt
        new file:   frase.txt
        new file:   fruta.txt


C:\Aline Santos\repo\git-teste (HEAD detached at 54fe1e5)
λ git commit "novos arquivos"
error: pathspec 'novos arquivos' did not match any file(s) known to git

C:\Aline Santos\repo\git-teste (HEAD detached at 54fe1e5)
λ git commit -m "novos arquivos"
[detached HEAD 950c979] novos arquivos
 4 files changed, 6 insertions(+)
 create mode 100644 abc.txt
 create mode 100644 cor.txt
 create mode 100644 frase.txt
 create mode 100644 fruta.txt

C:\Aline Santos\repo\git-teste (HEAD detached at 950c979)
λ git clone https://github.com/run79/Exercicio-pratico.git
Cloning into 'Exercicio-pratico'...
remote: Enumerating objects: 3, done.
remote: Counting objects: 100% (3/3), done.
remote: Total 3 (delta 0), reused 0 (delta 0), pack-reused 0
Receiving objects: 100% (3/3), done.

C:\Aline Santos\repo\git-teste (HEAD detached at 950c979)
λ git status
HEAD detached from 54fe1e5
Untracked files:
  (use "git add <file>..." to include in what will be committed)
        Exercicio-pratico/

nothing added to commit but untracked files present (use "git add" to track)

C:\Aline Santos\repo\git-teste (HEAD detached at 950c979)
λ git add .
warning: adding embedded git repository: Exercicio-pratico
hint: You've added another git repository inside your current repository.
hint: Clones of the outer repository will not contain the contents of
hint: the embedded repository and will not know how to obtain it.
hint: If you meant to add a submodule, use:
hint:
hint:   git submodule add <url> Exercicio-pratico
hint:
hint: If you added this path by mistake, you can remove it from the
hint: index with:
hint:
hint:   git rm --cached Exercicio-pratico
hint:
hint: See "git help submodule" for more information.

C:\Aline Santos\repo\git-teste (HEAD detached at 950c979)
λ git status
HEAD detached from 54fe1e5
Changes to be committed:
  (use "git restore --staged <file>..." to unstage)
        new file:   Exercicio-pratico


C:\Aline Santos\repo\git-teste (HEAD detached at 950c979)
λ git cd frase
git: 'cd' is not a git command. See 'git --help'.

The most similar command is
        add

C:\Aline Santos\repo\git-teste (HEAD detached at 950c979)
λ git add frase.xml
fatal: pathspec 'frase.xml' did not match any files

C:\Aline Santos\repo\git-teste (HEAD detached at 950c979)
λ git add frase.txt

C:\Aline Santos\repo\git-teste (HEAD detached at 950c979)
λ git status
HEAD detached from 54fe1e5
Changes to be committed:
  (use "git restore --staged <file>..." to unstage)
        new file:   Exercicio-pratico


C:\Aline Santos\repo\git-teste (HEAD detached at 950c979)
λ git add .

C:\Aline Santos\repo\git-teste (HEAD detached at 950c979)
λ git status
HEAD detached from 54fe1e5
Changes to be committed:
  (use "git restore --staged <file>..." to unstage)
        new file:   Exercicio-pratico
        new file:   black.txt


C:\Aline Santos\repo\git-teste (HEAD detached at 950c979)
λ git commit -m "meu primeiro exercicio"
[detached HEAD 64aa8ee] meu primeiro exercicio
 2 files changed, 1 insertion(+)
 create mode 160000 Exercicio-pratico
 create mode 100644 black.txt

C:\Aline Santos\repo\git-teste (HEAD detached at 64aa8ee)
λ git push origin master
fatal: 'origin' does not appear to be a git repository
fatal: Could not read from remote repository.

Please make sure you have the correct access rights
and the repository exists.

C:\Aline Santos\repo\git-teste (HEAD detached at 64aa8ee)
λ
       

novo

Acer@DESKTOP-SRHNL00 MINGW64 /c/Aline Santos/repo/git-teste/git-teste (main)
$ git add .

Acer@DESKTOP-SRHNL00 MINGW64 /c/Aline Santos/repo/git-teste/git-teste (main)
$ git commit -m "primeiro commit"
[main 6c913d4] primeiro commit
 8 files changed, 148 insertions(+)
 create mode 100644 abc.txt
 create mode 100644 aula.txt
 create mode 100644 black.txt
 create mode 100644 cor.txt
 create mode 100644 frase.txt
 create mode 100644 fruta.txt
 create mode 100644 readm.txt
 create mode 100644 resultado.txt

Acer@DESKTOP-SRHNL00 MINGW64 /c/Aline Santos/repo/git-teste/git-teste (main)
$ git push
Enumerating objects: 9, done.
Counting objects: 100% (9/9), done.
Delta compression using up to 4 threads
Compressing objects: 100% (5/5), done.
Writing objects: 100% (8/8), 1.87 KiB | 479.00 KiB/s, done.
Total 8 (delta 0), reused 2 (delta 0), pack-reused 0
To https://github.com/run79/git-teste.git
   04f6f96..6c913d4  main -> main

Acer@DESKTOP
   